HELLO
RESULT 12
RESULT -8
RESULT 24
RESULT 0
RESULT 8
BYE

