HELLO
RESULT 200
RESULT 1000000000000
RESULT 11.58
RESULT 8.125
BYE

