8|20|20|60||12|0|0|40||-20|-100|-100|-100||-5.0|1.0|1.0|2.5||