7.9|21.3|21.3|61.0||13.1|-20.7|0.3000000000000007|40.2||-27.3|-131.04|-131.3|-121.44||-4.038461538461538|1.05|0.9904761904761905|2.2727272727272725||